C:\Users\Rosa Márcia\Downloads\API_Rest\API-Rest\src\main\java\com\api\APIRest\controllers\CatalogController.java
C:\Users\Rosa Márcia\Downloads\API_Rest\API-Rest\src\main\java\com\api\APIRest\infra\security\DadosTokenJWT.java
C:\Users\Rosa Márcia\Downloads\API_Rest\API-Rest\src\main\java\com\api\APIRest\infra\security\SecurityFilter.java
C:\Users\Rosa Márcia\Downloads\API_Rest\API-Rest\src\main\java\com\api\APIRest\enuns\Status.java
C:\Users\Rosa Márcia\Downloads\API_Rest\API-Rest\src\main\java\com\api\APIRest\controllers\OrderController.java
C:\Users\Rosa Márcia\Downloads\API_Rest\API-Rest\src\main\java\com\api\APIRest\enuns\Culture.java
C:\Users\Rosa Márcia\Downloads\API_Rest\API-Rest\src\main\java\com\api\APIRest\models\Usuario.java
C:\Users\Rosa Márcia\Downloads\API_Rest\API-Rest\src\main\java\com\api\APIRest\infra\exception\TratadorDeErros.java
C:\Users\Rosa Márcia\Downloads\API_Rest\API-Rest\src\main\java\com\api\APIRest\models\Order.java
C:\Users\Rosa Márcia\Downloads\API_Rest\API-Rest\src\main\java\com\api\APIRest\repositorys\UsuarioRepository.java
C:\Users\Rosa Márcia\Downloads\API_Rest\API-Rest\src\main\java\com\api\APIRest\enuns\EnunUsuarios.java
C:\Users\Rosa Márcia\Downloads\API_Rest\API-Rest\src\main\java\com\api\APIRest\ApiRestApplication.java
C:\Users\Rosa Márcia\Downloads\API_Rest\API-Rest\src\main\java\com\api\APIRest\infra\springdoc\SpringDocConfigurations.java
C:\Users\Rosa Márcia\Downloads\API_Rest\API-Rest\src\main\java\com\api\APIRest\services\ProductService.java
C:\Users\Rosa Márcia\Downloads\API_Rest\API-Rest\src\main\java\com\api\APIRest\controllers\CompanyController.java
C:\Users\Rosa Márcia\Downloads\API_Rest\API-Rest\src\main\java\com\api\APIRest\dtos\OrderDTO.java
C:\Users\Rosa Márcia\Downloads\API_Rest\API-Rest\src\main\java\com\api\APIRest\models\Image.java
C:\Users\Rosa Márcia\Downloads\API_Rest\API-Rest\src\main\java\com\api\APIRest\repositorys\CompanyRepository.java
C:\Users\Rosa Márcia\Downloads\API_Rest\API-Rest\src\main\java\com\api\APIRest\models\Catalog.java
C:\Users\Rosa Márcia\Downloads\API_Rest\API-Rest\src\main\java\com\api\APIRest\repositorys\OrderRepository.java
C:\Users\Rosa Márcia\Downloads\API_Rest\API-Rest\src\main\java\com\api\APIRest\repositorys\ImageRepository.java
C:\Users\Rosa Márcia\Downloads\API_Rest\API-Rest\src\main\java\com\api\APIRest\enuns\Category.java
C:\Users\Rosa Márcia\Downloads\API_Rest\API-Rest\src\main\java\com\api\APIRest\dtos\UserDTO.java
C:\Users\Rosa Márcia\Downloads\API_Rest\API-Rest\src\main\java\com\api\APIRest\dtos\DetalhesPdDTO.java
C:\Users\Rosa Márcia\Downloads\API_Rest\API-Rest\src\main\java\com\api\APIRest\repositorys\ProductRepository.java
C:\Users\Rosa Márcia\Downloads\API_Rest\API-Rest\src\main\java\com\api\APIRest\controllers\ProductController.java
C:\Users\Rosa Márcia\Downloads\API_Rest\API-Rest\src\main\java\com\api\APIRest\dtos\ProductDTO.java
C:\Users\Rosa Márcia\Downloads\API_Rest\API-Rest\src\main\java\com\api\APIRest\dtos\CatalogDTO.java
C:\Users\Rosa Márcia\Downloads\API_Rest\API-Rest\src\main\java\com\api\APIRest\dtos\ImageDTO.java
C:\Users\Rosa Márcia\Downloads\API_Rest\API-Rest\src\main\java\com\api\APIRest\models\Company.java
C:\Users\Rosa Márcia\Downloads\API_Rest\API-Rest\src\main\java\com\api\APIRest\dtos\AutenticacaoDados.java
C:\Users\Rosa Márcia\Downloads\API_Rest\API-Rest\src\main\java\com\api\APIRest\infra\security\SecurityConfigurations.java
C:\Users\Rosa Márcia\Downloads\API_Rest\API-Rest\src\main\java\com\api\APIRest\dtos\DetalhesOdDTO.java
C:\Users\Rosa Márcia\Downloads\API_Rest\API-Rest\src\main\java\com\api\APIRest\controllers\ImageController.java
C:\Users\Rosa Márcia\Downloads\API_Rest\API-Rest\src\main\java\com\api\APIRest\controllers\AutenticacaoController.java
C:\Users\Rosa Márcia\Downloads\API_Rest\API-Rest\src\main\java\com\api\APIRest\dtos\CompanyDTO.java
C:\Users\Rosa Márcia\Downloads\API_Rest\API-Rest\src\main\java\com\api\APIRest\dtos\DetalhesUserDTO.java
C:\Users\Rosa Márcia\Downloads\API_Rest\API-Rest\src\main\java\com\api\APIRest\infra\security\TokenService.java
C:\Users\Rosa Márcia\Downloads\API_Rest\API-Rest\src\main\java\com\api\APIRest\models\Product.java
C:\Users\Rosa Márcia\Downloads\API_Rest\API-Rest\src\main\java\com\api\APIRest\repositorys\CatalogRepository.java
C:\Users\Rosa Márcia\Downloads\API_Rest\API-Rest\src\main\java\com\api\APIRest\services\AutenticacaoService.java
